// Jest Snapshot v1, https://goo.gl/fbAQLP

exports[`Button test cases should render 1`] = `
<DocumentFragment>
  <button
    class="css-17kvwxi"
    color="primary"
  >
    Test
  </button>
</DocumentFragment>
`;
