// Jest Snapshot v1, https://goo.gl/fbAQLP

exports[`Switch test cases Render check 1`] = `
<DocumentFragment>
  <label
    class="css-mcq2a2"
  >
    <input
      id="fffffffbb47d08"
      type="checkbox"
    />
    <label
      class="css-w1h0n0"
      data-testid="SwitchVisiblePart"
      for="fffffffbb47d08"
    />
  </label>
</DocumentFragment>
`;
